in_source: |-
  ; https://medium.com/@TheZaki/project-euler-2-even-fibonacci-numbers-2219e9438970

  ; r1 - n - 2
  ; r2 - n - 1
  ; r3 - n
  ; r4 - answer
  ; r5 - 400000


  _start:     add r1, r0, 2
              add r2, r0, 8
              add r4, r0, 10
              add r5, r0, 4000000
  loop:       mul r3, r2, 4
              add r3, r3, r1
              bge r3, r5, end

              add r4, r4, r3
              add r1, r0, r2
              add r2, r0, r3
              jmp loop
  end:        out r4, 0
              hlt
in_stdin: |-
  foo

out_log: |
  DEBUG    root:machine.py:278 TICK:    0 PC:    0 AR:    0 Z_FLAG: 0 N_FLAG: 0  	None                                    
  DEBUG    root:machine.py:283 TICK:    4 PC:    1 AR:    0 Z_FLAG: 0 N_FLAG: 1  	{'opcode': 'add', 'args': [R1, R0, 2]}  
  DEBUG    root:machine.py:283 TICK:    8 PC:    2 AR:    1 Z_FLAG: 0 N_FLAG: 1  	{'opcode': 'add', 'args': [R2, R0, 8]}  
  DEBUG    root:machine.py:283 TICK:   12 PC:    3 AR:    2 Z_FLAG: 0 N_FLAG: 1  	{'opcode': 'add', 'args': [R4, R0, 10]} 
  DEBUG    root:machine.py:283 TICK:   16 PC:    4 AR:    3 Z_FLAG: 0 N_FLAG: 1  	{'opcode': 'add', 'args': [R5, R0, 4000000]}
  DEBUG    root:machine.py:283 TICK:   20 PC:    5 AR:    4 Z_FLAG: 0 N_FLAG: 1  	{'opcode': 'mul', 'args': [R3, R2, 4]}  
  DEBUG    root:machine.py:283 TICK:   24 PC:    6 AR:    5 Z_FLAG: 0 N_FLAG: 1  	{'opcode': 'add', 'args': [R3, R3, R1]} 
  DEBUG    root:machine.py:283 TICK:   28 PC:    7 AR:    6 Z_FLAG: 0 N_FLAG: 0  	{'opcode': 'bge', 'args': [R3, R5, 11]} 
  DEBUG    root:machine.py:283 TICK:   32 PC:    8 AR:    7 Z_FLAG: 0 N_FLAG: 1  	{'opcode': 'add', 'args': [R4, R4, R3]} 
  DEBUG    root:machine.py:283 TICK:   36 PC:    9 AR:    8 Z_FLAG: 0 N_FLAG: 1  	{'opcode': 'add', 'args': [R1, R0, R2]} 
  DEBUG    root:machine.py:283 TICK:   40 PC:   10 AR:    9 Z_FLAG: 0 N_FLAG: 1  	{'opcode': 'add', 'args': [R2, R0, R3]} 
  DEBUG    root:machine.py:283 TICK:   44 PC:    4 AR:   10 Z_FLAG: 0 N_FLAG: 1  	{'opcode': 'jmp', 'args': [4]}          
  DEBUG    root:machine.py:283 TICK:   48 PC:    5 AR:    4 Z_FLAG: 0 N_FLAG: 1  	{'opcode': 'mul', 'args': [R3, R2, 4]}  
  DEBUG    root:machine.py:283 TICK:   52 PC:    6 AR:    5 Z_FLAG: 0 N_FLAG: 1  	{'opcode': 'add', 'args': [R3, R3, R1]} 
  DEBUG    root:machine.py:283 TICK:   56 PC:    7 AR:    6 Z_FLAG: 0 N_FLAG: 0  	{'opcode': 'bge', 'args': [R3, R5, 11]} 
  DEBUG    root:machine.py:283 TICK:   60 PC:    8 AR:    7 Z_FLAG: 0 N_FLAG: 1  	{'opcode': 'add', 'args': [R4, R4, R3]} 
  DEBUG    root:machine.py:283 TICK:   64 PC:    9 AR:    8 Z_FLAG: 0 N_FLAG: 1  	{'opcode': 'add', 'args': [R1, R0, R2]} 
  DEBUG    root:machine.py:283 TICK:   68 PC:   10 AR:    9 Z_FLAG: 0 N_FLAG: 1  	{'opcode': 'add', 'args': [R2, R0, R3]} 
  DEBUG    root:machine.py:283 TICK:   72 PC:    4 AR:   10 Z_FLAG: 0 N_FLAG: 1  	{'opcode': 'jmp', 'args': [4]}          
  DEBUG    root:machine.py:283 TICK:   76 PC:    5 AR:    4 Z_FLAG: 0 N_FLAG: 1  	{'opcode': 'mul', 'args': [R3, R2, 4]}  
  DEBUG    root:machine.py:283 TICK:   80 PC:    6 AR:    5 Z_FLAG: 0 N_FLAG: 1  	{'opcode': 'add', 'args': [R3, R3, R1]} 
  DEBUG    root:machine.py:283 TICK:   84 PC:    7 AR:    6 Z_FLAG: 0 N_FLAG: 0  	{'opcode': 'bge', 'args': [R3, R5, 11]} 
  DEBUG    root:machine.py:283 TICK:   88 PC:    8 AR:    7 Z_FLAG: 0 N_FLAG: 1  	{'opcode': 'add', 'args': [R4, R4, R3]} 
  DEBUG    root:machine.py:283 TICK:   92 PC:    9 AR:    8 Z_FLAG: 0 N_FLAG: 1  	{'opcode': 'add', 'args': [R1, R0, R2]} 
  DEBUG    root:machine.py:283 TICK:   96 PC:   10 AR:    9 Z_FLAG: 0 N_FLAG: 1  	{'opcode': 'add', 'args': [R2, R0, R3]} 
  DEBUG    root:machine.py:283 TICK:  100 PC:    4 AR:   10 Z_FLAG: 0 N_FLAG: 1  	{'opcode': 'jmp', 'args': [4]}          
  DEBUG    root:machine.py:283 TICK:  104 PC:    5 AR:    4 Z_FLAG: 0 N_FLAG: 1  	{'opcode': 'mul', 'args': [R3, R2, 4]}  
  DEBUG    root:machine.py:283 TICK:  108 PC:    6 AR:    5 Z_FLAG: 0 N_FLAG: 1  	{'opcode': 'add', 'args': [R3, R3, R1]} 
  DEBUG    root:machine.py:283 TICK:  112 PC:    7 AR:    6 Z_FLAG: 0 N_FLAG: 0  	{'opcode': 'bge', 'args': [R3, R5, 11]} 
  DEBUG    root:machine.py:283 TICK:  116 PC:    8 AR:    7 Z_FLAG: 0 N_FLAG: 1  	{'opcode': 'add', 'args': [R4, R4, R3]} 
  DEBUG    root:machine.py:283 TICK:  120 PC:    9 AR:    8 Z_FLAG: 0 N_FLAG: 1  	{'opcode': 'add', 'args': [R1, R0, R2]} 
  DEBUG    root:machine.py:283 TICK:  124 PC:   10 AR:    9 Z_FLAG: 0 N_FLAG: 1  	{'opcode': 'add', 'args': [R2, R0, R3]} 
  DEBUG    root:machine.py:283 TICK:  128 PC:    4 AR:   10 Z_FLAG: 0 N_FLAG: 1  	{'opcode': 'jmp', 'args': [4]}          
  DEBUG    root:machine.py:283 TICK:  132 PC:    5 AR:    4 Z_FLAG: 0 N_FLAG: 1  	{'opcode': 'mul', 'args': [R3, R2, 4]}  
  DEBUG    root:machine.py:283 TICK:  136 PC:    6 AR:    5 Z_FLAG: 0 N_FLAG: 1  	{'opcode': 'add', 'args': [R3, R3, R1]} 
  DEBUG    root:machine.py:283 TICK:  140 PC:    7 AR:    6 Z_FLAG: 0 N_FLAG: 0  	{'opcode': 'bge', 'args': [R3, R5, 11]} 
  DEBUG    root:machine.py:283 TICK:  144 PC:    8 AR:    7 Z_FLAG: 0 N_FLAG: 1  	{'opcode': 'add', 'args': [R4, R4, R3]} 
  DEBUG    root:machine.py:283 TICK:  148 PC:    9 AR:    8 Z_FLAG: 0 N_FLAG: 1  	{'opcode': 'add', 'args': [R1, R0, R2]} 
  DEBUG    root:machine.py:283 TICK:  152 PC:   10 AR:    9 Z_FLAG: 0 N_FLAG: 1  	{'opcode': 'add', 'args': [R2, R0, R3]} 
  DEBUG    root:machine.py:283 TICK:  156 PC:    4 AR:   10 Z_FLAG: 0 N_FLAG: 1  	{'opcode': 'jmp', 'args': [4]}          
  DEBUG    root:machine.py:283 TICK:  160 PC:    5 AR:    4 Z_FLAG: 0 N_FLAG: 1  	{'opcode': 'mul', 'args': [R3, R2, 4]}  
  DEBUG    root:machine.py:283 TICK:  164 PC:    6 AR:    5 Z_FLAG: 0 N_FLAG: 1  	{'opcode': 'add', 'args': [R3, R3, R1]} 
  DEBUG    root:machine.py:283 TICK:  168 PC:    7 AR:    6 Z_FLAG: 0 N_FLAG: 0  	{'opcode': 'bge', 'args': [R3, R5, 11]} 
  DEBUG    root:machine.py:283 TICK:  172 PC:    8 AR:    7 Z_FLAG: 0 N_FLAG: 1  	{'opcode': 'add', 'args': [R4, R4, R3]} 
  DEBUG    root:machine.py:283 TICK:  176 PC:    9 AR:    8 Z_FLAG: 0 N_FLAG: 1  	{'opcode': 'add', 'args': [R1, R0, R2]} 
  DEBUG    root:machine.py:283 TICK:  180 PC:   10 AR:    9 Z_FLAG: 0 N_FLAG: 1  	{'opcode': 'add', 'args': [R2, R0, R3]} 
  DEBUG    root:machine.py:283 TICK:  184 PC:    4 AR:   10 Z_FLAG: 0 N_FLAG: 1  	{'opcode': 'jmp', 'args': [4]}          
  DEBUG    root:machine.py:283 TICK:  188 PC:    5 AR:    4 Z_FLAG: 0 N_FLAG: 1  	{'opcode': 'mul', 'args': [R3, R2, 4]}  
  DEBUG    root:machine.py:283 TICK:  192 PC:    6 AR:    5 Z_FLAG: 0 N_FLAG: 1  	{'opcode': 'add', 'args': [R3, R3, R1]} 
  DEBUG    root:machine.py:283 TICK:  196 PC:    7 AR:    6 Z_FLAG: 0 N_FLAG: 0  	{'opcode': 'bge', 'args': [R3, R5, 11]} 
  DEBUG    root:machine.py:283 TICK:  200 PC:    8 AR:    7 Z_FLAG: 0 N_FLAG: 1  	{'opcode': 'add', 'args': [R4, R4, R3]} 
  DEBUG    root:machine.py:283 TICK:  204 PC:    9 AR:    8 Z_FLAG: 0 N_FLAG: 1  	{'opcode': 'add', 'args': [R1, R0, R2]} 
  DEBUG    root:machine.py:283 TICK:  208 PC:   10 AR:    9 Z_FLAG: 0 N_FLAG: 1  	{'opcode': 'add', 'args': [R2, R0, R3]} 
  DEBUG    root:machine.py:283 TICK:  212 PC:    4 AR:   10 Z_FLAG: 0 N_FLAG: 1  	{'opcode': 'jmp', 'args': [4]}          
  DEBUG    root:machine.py:283 TICK:  216 PC:    5 AR:    4 Z_FLAG: 0 N_FLAG: 1  	{'opcode': 'mul', 'args': [R3, R2, 4]}  
  DEBUG    root:machine.py:283 TICK:  220 PC:    6 AR:    5 Z_FLAG: 0 N_FLAG: 1  	{'opcode': 'add', 'args': [R3, R3, R1]} 
  DEBUG    root:machine.py:283 TICK:  224 PC:    7 AR:    6 Z_FLAG: 0 N_FLAG: 0  	{'opcode': 'bge', 'args': [R3, R5, 11]} 
  DEBUG    root:machine.py:283 TICK:  228 PC:    8 AR:    7 Z_FLAG: 0 N_FLAG: 1  	{'opcode': 'add', 'args': [R4, R4, R3]} 
  DEBUG    root:machine.py:283 TICK:  232 PC:    9 AR:    8 Z_FLAG: 0 N_FLAG: 1  	{'opcode': 'add', 'args': [R1, R0, R2]} 
  DEBUG    root:machine.py:283 TICK:  236 PC:   10 AR:    9 Z_FLAG: 0 N_FLAG: 1  	{'opcode': 'add', 'args': [R2, R0, R3]} 
  DEBUG    root:machine.py:283 TICK:  240 PC:    4 AR:   10 Z_FLAG: 0 N_FLAG: 1  	{'opcode': 'jmp', 'args': [4]}          
  DEBUG    root:machine.py:283 TICK:  244 PC:    5 AR:    4 Z_FLAG: 0 N_FLAG: 1  	{'opcode': 'mul', 'args': [R3, R2, 4]}  
  DEBUG    root:machine.py:283 TICK:  248 PC:    6 AR:    5 Z_FLAG: 0 N_FLAG: 1  	{'opcode': 'add', 'args': [R3, R3, R1]} 
  DEBUG    root:machine.py:283 TICK:  252 PC:    7 AR:    6 Z_FLAG: 0 N_FLAG: 0  	{'opcode': 'bge', 'args': [R3, R5, 11]} 
  DEBUG    root:machine.py:283 TICK:  256 PC:    8 AR:    7 Z_FLAG: 0 N_FLAG: 1  	{'opcode': 'add', 'args': [R4, R4, R3]} 
  DEBUG    root:machine.py:283 TICK:  260 PC:    9 AR:    8 Z_FLAG: 0 N_FLAG: 1  	{'opcode': 'add', 'args': [R1, R0, R2]} 
  DEBUG    root:machine.py:283 TICK:  264 PC:   10 AR:    9 Z_FLAG: 0 N_FLAG: 1  	{'opcode': 'add', 'args': [R2, R0, R3]} 
  DEBUG    root:machine.py:283 TICK:  268 PC:    4 AR:   10 Z_FLAG: 0 N_FLAG: 1  	{'opcode': 'jmp', 'args': [4]}          
  DEBUG    root:machine.py:283 TICK:  272 PC:    5 AR:    4 Z_FLAG: 0 N_FLAG: 1  	{'opcode': 'mul', 'args': [R3, R2, 4]}  
  DEBUG    root:machine.py:283 TICK:  276 PC:    6 AR:    5 Z_FLAG: 0 N_FLAG: 1  	{'opcode': 'add', 'args': [R3, R3, R1]} 
  DEBUG    root:machine.py:283 TICK:  281 PC:   11 AR:    6 Z_FLAG: 0 N_FLAG: 1  	{'opcode': 'bge', 'args': [R3, R5, 11]} 
  DEBUG    root:machine.py:283 TICK:  285 PC:   12 AR:   11 Z_FLAG: 0 N_FLAG: 1  	{'opcode': 'out', 'args': [R4, 0]}      
  INFO     root:machine.py:291 output buffer: deque([4613732])
out_stdout: |
  ============================================================
out_code: |-
  {
    "code": [
      {
        "opcode": "add",
        "args": [
          "r1",
          "r0",
          2
        ]
      },
      {
        "opcode": "add",
        "args": [
          "r2",
          "r0",
          8
        ]
      },
      {
        "opcode": "add",
        "args": [
          "r4",
          "r0",
          10
        ]
      },
      {
        "opcode": "add",
        "args": [
          "r5",
          "r0",
          4000000
        ]
      },
      {
        "opcode": "mul",
        "args": [
          "r3",
          "r2",
          4
        ]
      },
      {
        "opcode": "add",
        "args": [
          "r3",
          "r3",
          "r1"
        ]
      },
      {
        "opcode": "bge",
        "args": [
          "r3",
          "r5",
          11
        ]
      },
      {
        "opcode": "add",
        "args": [
          "r4",
          "r4",
          "r3"
        ]
      },
      {
        "opcode": "add",
        "args": [
          "r1",
          "r0",
          "r2"
        ]
      },
      {
        "opcode": "add",
        "args": [
          "r2",
          "r0",
          "r3"
        ]
      },
      {
        "opcode": "jmp",
        "args": [
          4
        ]
      },
      {
        "opcode": "out",
        "args": [
          "r4",
          0
        ]
      },
      {
        "opcode": "hlt",
        "args": []
      }
    ],
    "start": 0
  }
